before option master
Reading parmfile "parmfile.gap"....
after option master
 ++++++++++++++++++++++++++++++++++++++++++++++++++++++++++++++++++
 +                                                                +
 +   POPULATION SIZE, MIGRATION, DIVERGENCE, ASSIGNMENT, HISTORY  +
 +   Bayesian inference using the structured coalescent           +
 +                                                                +
 ++++++++++++++++++++++++++++++++++++++++++++++++++++++++++++++++++
  Compiled for a PARALLEL COMPUTER ARCHITECTURE
  One master and 5 compute nodes are available.
  PDF output enabled [Letter-size]
  Version 5.0.7   [May-01-2025]
  Program started at   Mon Jul  7 19:33:58 2025


Master random number seed: 24447913


Reading (1) urchins ...
Reading (2) nogap ...


Options in use:
---------------

Analysis strategy is BAYESIAN INFERENCE
    - Population size estimation: Theta [Exponential Distribution]

Proposal distribution:
Parameter group          Proposal type
-----------------------  -------------------
Population size (Theta)       Slice sampling
Genealogy                Metropolis-Hastings


Prior distribution (Proposal-delta will be tuned to acceptance frequency 0.440000):
Parameter group            Prior type   Minimum    Mean(*)    Maximum    Delta      Bins   Updatefreq
-------------------------  ------------ ---------- ---------- ---------- ---------- ------ -------
Population size (Theta_1)   Uniform        0.000000   0.050000   0.100000    0.010000   1500  0.50000
Datatype: DNA sequence data

Inheritance multipliers in use for Thetas (specified # 1)
All inheritance multipliers are the same [1.000000]

Pseudo-random number generator: Mersenne-Twister                                
Random number seed (with internal timer)             24447913

Start parameters:
   First genealogy was started using a random tree
   Start parameter values were generated
Connection matrix:
m = average (average over a group of Thetas or M,
s = symmetric migration M, S = symmetric 4Nm,
0 = zero, and not estimated,
* = migration free to vary, Thetas are on diagonal
d = row population split off column population
D = split and then migration
   1 urchins        * * 
   1 nogap          * * 



Mutation rate is constant for all loci

Markov chain settings:
   Long chains (long-chains):                              1
      Steps sampled (inc*samples*rep):                 10000
      Steps recorded (sample*rep):                      1000
   Combining over replicates:                              2
   Static heating scheme
      4 chains with  temperatures
       1.00, 1.50, 3.00,100000.00
      Swapping interval is 1
   Burn-in per replicate (samples*inc):                 1000

Print options:
   Data file:                                     infile.gap
   Parameter file:                              parmfile.gap
   Haplotyping is turned on:                              NO
   Output file (ASCII text):                     outfile-gap
   Output file (PDF):                        outfile-gap.pdf
   All values of Post.Dist:                 bayesallfile-gap
   Print data:                                            No
   Print genealogies:                                     No
[  5] 19:33:58   Burn-in of 1000 steps (Locus: 5/5, Replicate: 1/2) 
[  1] 19:33:58   Burn-in of 1000 steps (Locus: 1/5, Replicate: 1/2) 
[  3] 19:33:58   Burn-in of 1000 steps (Locus: 3/5, Replicate: 1/2) 
[  4] 19:33:58   Burn-in of 1000 steps (Locus: 4/5, Replicate: 1/2) 
[  2] 19:33:58   Burn-in of 1000 steps (Locus: 2/5, Replicate: 1/2) 
[  5] 19:33:58   Sampling of 5000 steps (Locus: 5/5, Replicate: 1/2) 
[  1] 19:33:58   Sampling of 5000 steps (Locus: 1/5, Replicate: 1/2) 
[  2] 19:33:58   Sampling of 5000 steps (Locus: 2/5, Replicate: 1/2) 
[  4] 19:33:58   Sampling of 5000 steps (Locus: 4/5, Replicate: 1/2) 
[  3] 19:33:58   Sampling of 5000 steps (Locus: 3/5, Replicate: 1/2) 
[  5] 19:33:58   Sampling Temp[4]:(1,1.5,3,1e+05) Acc(1.01,1.00,0.99,1.01) Swap(0,0,0)
                           Param = { 0.01744}
[  1] 19:33:58   Sampling Temp[4]:(1,1.5,3,1e+05) Acc(1.00,1.00,1.01,0.99) Swap(0,0,0)
                           Param = { 0.01884}
[  2] 19:33:58   Sampling Temp[4]:(1,1.5,3,1e+05) Acc(0.99,0.98,1.03,0.99) Swap(0,0,0)
                           Param = { 0.02736}
[  3] 19:33:58   Sampling Temp[4]:(1,1.5,3,1e+05) Acc(1.00,1.00,1.01,0.99) Swap(0,0,0)
                           Param = { 0.07096}
[  4] 19:33:58   Sampling Temp[4]:(1,1.5,3,1e+05) Acc(1.00,0.99,1.01,1.00) Swap(0,0,0)
                           Param = { 0.08634}
[  5] 19:33:58   Burn-in of 1000 steps (Locus: 5/5, Replicate: 2/2) 
[  1] 19:33:58   Burn-in of 1000 steps (Locus: 1/5, Replicate: 2/2) 
[  2] 19:33:58   Burn-in of 1000 steps (Locus: 2/5, Replicate: 2/2) 
[  3] 19:33:58   Burn-in of 1000 steps (Locus: 3/5, Replicate: 2/2) 
[  4] 19:33:58   Burn-in of 1000 steps (Locus: 4/5, Replicate: 2/2) 
[  5] 19:33:58   Sampling of 5000 steps (Locus: 5/5, Replicate: 2/2) 
[  1] 19:33:58   Sampling of 5000 steps (Locus: 1/5, Replicate: 2/2) 
[  2] 19:33:58   Sampling of 5000 steps (Locus: 2/5, Replicate: 2/2) 
[  4] 19:33:58   Sampling of 5000 steps (Locus: 4/5, Replicate: 2/2) 
[  3] 19:33:58   Sampling of 5000 steps (Locus: 3/5, Replicate: 2/2) 
[  1] 19:33:58   Sampling Temp[4]:(1,1.5,3,1e+05) Acc(1.01,1.00,0.97,1.02) Swap(0,0,0)
                           Param = { 0.04299}
[  5] 19:33:58   Sampling Temp[4]:(1,1.5,3,1e+05) Acc(1.02,1.01,0.99,1.01) Swap(0,0,0)
                           Param = { 0.07482}
[  4] 19:33:58   Sampling Temp[4]:(1,1.5,3,1e+05) Acc(0.99,1.00,1.02,0.98) Swap(0,0,0)
                           Param = { 0.06467}
[  2] 19:33:58   Sampling Temp[4]:(1,1.5,3,1e+05) Acc(1.01,0.97,1.00,0.99) Swap(0,0,0)
                           Param = { 0.07966}
[  3] 19:33:58   Sampling Temp[4]:(1,1.5,3,1e+05) Acc(1.00,1.00,0.99,1.00) Swap(0,0,0)
                           Param = { 0.05972}



Acceptance ratios for all parameters and the genealogies
---------------------------------------------------------------------

Parameter           Accepted changes               Ratio
Theta_1                  24909/24909             1.00000
Genealogies              25091/25091              1.00000



Autocorrelation for all parameters and the genealogies
-------------------------------------------------------------------

Parameter           Autocorrelation           Effective Sample size
Theta_1                   0.809                   537.918
Genealogies               1.000                     0.000

POTENTIAL PROBLEMS
------------------------------------------------------------------------------------------
This section reports potential problems with your run, but such reporting is often not 
very accurate. Whith many parameters in a multilocus analysis, it is very common that 
some parameters for some loci will not be very informative, triggering suggestions (for 
example to increase the prior range) that are not sensible. This suggestion tool will 
improve with time, therefore do not blindly follow its suggestions. If some parameters 
are flagged, inspect the tables carefully and judge wether an action is required. For 
example, if you run a Bayesian inference with sequence data, for macroscopic species 
there is rarely the need to increase the prior for Theta beyond 0.1; but if you use 
microsatellites it is rather common that your prior distribution for Theta should have a 
range from 0.0 to 100 or more. With many populations (>3) it is also very common that 
some migration routes are estimated poorly because the data contains little or no 
information for that route. Increasing the range will not help in such situations, 
reducing number of parameters may help in such situations.
------------------------------------------------------------------------------------------
Genealogies 2: Effective sample size of run seems too short! 
------------------------------------------------------------------------------------------
19:34:19   Program finished
before option master
Reading parmfile "parmfile.twoswisstowns"....
0> option reading: YES:UNIFORM
after option master
 ++++++++++++++++++++++++++++++++++++++++++++++++++++++++++++++++++
 +                                                                +
 +   POPULATION SIZE, MIGRATION, DIVERGENCE, ASSIGNMENT, HISTORY  +
 +   Bayesian inference using the structured coalescent           +
 +                                                                +
 ++++++++++++++++++++++++++++++++++++++++++++++++++++++++++++++++++
  Compiled for a PARALLEL COMPUTER ARCHITECTURE
  One master and 4 compute nodes are available.
  PDF output enabled [Letter-size]
  Version 5.0.7   [May-01-2025]
  Program started at   Mon Jul  7 19:34:19 2025


1> option reading: YES:UNIFORM
2> option reading: YES:UNIFORM
3> option reading: YES:UNIFORM
4> option reading: YES:UNIFORM
Master random number seed: 3250202146


Reading (1) Aadorf ...
Reading (2) Bern ...


Options in use:
---------------

Analysis strategy is BAYESIAN INFERENCE
    - Population size estimation: Theta [Exponential Distribution]
    - Geneflow estimation: Migration [Exponential Distribution]

Proposal distribution:
Parameter group          Proposal type
-----------------------  -------------------
Population size (Theta)  Metropolis sampling
Migration rate      (M)  Metropolis sampling
Divergence Time (D)  Metropolis sampling
Divergence time spread (STD) Metropolis sampling
Genealogy                Metropolis-Hastings


Prior distribution (Proposal-delta will be tuned to acceptance frequency 0.440000):
Parameter group            Prior type   Minimum    Mean(*)    Maximum    Delta      Bins   Updatefreq
-------------------------  ------------ ---------- ---------- ---------- ---------- ------ -------
Population size (Theta_1)   Exponential    0.000000   0.010000   0.100000           -   1500  0.10417
Population size (Theta_2)   Exponential    0.000000   0.010000   0.100000           -   1500  0.10417
Migration 2 to 1   (M)      Uniform        0.000000  100.000000 1000.00000 100.000000   2000  0.10417
Migration 1 to 2   (M)      Uniform        0.000000  100.000000 1000.00000 100.000000   2000  0.10417
Datatype: DNA sequence data

Inheritance multipliers in use for Thetas (specified # 1)
All inheritance multipliers are the same [1.000000]

Pseudo-random number generator: Mersenne-Twister                                
Random number seed (with internal timer)           3250202146

Start parameters:
   First genealogy was started using a random tree
   Start parameter values were generated
Connection matrix:
m = average (average over a group of Thetas or M,
s = symmetric migration M, S = symmetric 4Nm,
0 = zero, and not estimated,
* = migration free to vary, Thetas are on diagonal
d = row population split off column population
D = split and then migration
   1 Aadorf         * * 
   2 Bern           * * 



Mutation rate is constant for all loci

Markov chain settings:
   Long chains (long-chains):                              1
      Steps sampled (long-inc*samples):               500000
      Steps recorded (long-sample):                    10000
   Static heating scheme
      4 chains with  temperatures
       1.00, 1.50, 3.00,1000000.00
      Swapping interval is 1
   Burn-in per replicate (samples*inc):               250000

Print options:
   Data file:                                  twoswisstowns
   Parameter file:                    parmfile.twoswisstowns
   Haplotyping is turned on:                              NO
   Output file (ASCII text):           outfile-twoswisstowns
   Output file (PDF):              outfile-twoswisstowns.pdf
   Print data:                                            No
   Print genealogies:                                     No
[  2] 19:34:19   Burn-in of 250000 steps (Locus: 2/3, Replicate: 1/1) 
[  3] 19:34:19   Burn-in of 250000 steps (Locus: 3/3, Replicate: 1/1) 
[  1] 19:34:19   Burn-in of 250000 steps (Locus: 1/3, Replicate: 1/1) 
[  2] 19:34:25   Sampling of 500000 steps (Locus: 2/3, Replicate: 1/1) 
[  3] 19:34:25   Sampling of 500000 steps (Locus: 3/3, Replicate: 1/1) 
[  1] 19:34:25   Sampling of 500000 steps (Locus: 1/3, Replicate: 1/1) 
[  2] 19:34:38   Sampling Temp[4]:(1,1.5,3,1e+06) Acc(0.96,0.98,1.02,1.17) Swap(0,0,0)
                           Param = { 0.01128 0.00151 948 546.6}
[  3] 19:34:39   Sampling Temp[4]:(1,1.5,3,1e+06) Acc(0.97,0.98,1.02,1.17) Swap(0,0,0)
                           Param = { 0.003924 0.01863 620.3 585.5}
[  1] 19:34:39   Sampling Temp[4]:(1,1.5,3,1e+06) Acc(0.96,0.98,1.03,1.17) Swap(0,0,0)
                           Param = { 0.000337 0.01611 591.8 741.1}



Acceptance ratios for all parameters and the genealogies
---------------------------------------------------------------------

Parameter           Accepted changes               Ratio
Theta_1                  35339/156143            0.22632
Theta_2                  35358/155809            0.22693
M_2->1                   77314/156449            0.49418
M_1->2                   78774/156381            0.50373
Genealogies             724161/875218             0.82741



Autocorrelation for all parameters and the genealogies
-------------------------------------------------------------------

Parameter           Autocorrelation           Effective Sample size
Theta_1                   0.874                  2008.773
Theta_2                   0.869                  2102.213
M_2->1                    0.736                  4565.280
M_1->2                    0.734                  4613.090
Genealogies               1.000                     0.000

POTENTIAL PROBLEMS
------------------------------------------------------------------------------------------
This section reports potential problems with your run, but such reporting is often not 
very accurate. Whith many parameters in a multilocus analysis, it is very common that 
some parameters for some loci will not be very informative, triggering suggestions (for 
example to increase the prior range) that are not sensible. This suggestion tool will 
improve with time, therefore do not blindly follow its suggestions. If some parameters 
are flagged, inspect the tables carefully and judge wether an action is required. For 
example, if you run a Bayesian inference with sequence data, for macroscopic species 
there is rarely the need to increase the prior for Theta beyond 0.1; but if you use 
microsatellites it is rather common that your prior distribution for Theta should have a 
range from 0.0 to 100 or more. With many populations (>3) it is also very common that 
some migration routes are estimated poorly because the data contains little or no 
information for that route. Increasing the range will not help in such situations, 
reducing number of parameters may help in such situations.
------------------------------------------------------------------------------------------
Param 3 (Locus 1): Upper prior boundary seems too low! 
Param 4 (Locus 1): Upper prior boundary seems too low! 
Param 3 (Locus 2): Upper prior boundary seems too low! 
Param 4 (Locus 2): Upper prior boundary seems too low! 
Param 3 (Locus 3): Upper prior boundary seems too low! 
Param 4 (Locus 3): Upper prior boundary seems too low! 
Param 3 (all loci): Upper prior boundary seems too low! 
Param 4 (all loci): Upper prior boundary seems too low! 
Genealogies 5: Effective sample size of run seems too short! 
------------------------------------------------------------------------------------------




Assignment of Individuals to populations
========================================

Individual Locus        1     2 
---------- -------- ----- ----- 
?BAH0              1 0.478 0.522 [7102/18013 = 0.394271]
?BAH0              2 0.504 0.496 [7111/17925 = 0.396709]
?BAH0              3 0.481 0.519 [7135/17825 = 0.400281]
?BAH0            All 0.463 0.537 
?BAF0              1 0.483 0.517 [7041/17792 = 0.395740]
?BAF0              2 0.513 0.487 [7018/17898 = 0.392111]
?BAF0              3 0.473 0.527 [7169/17669 = 0.405739]
?BAF0            All 0.469 0.531 
?BAG1              1 0.493 0.507 [7109/17974 = 0.395516]
?BAG1              2 0.509 0.491 [7026/17732 = 0.396233]
?BAG1              3 0.476 0.524 [7205/17888 = 0.402784]
?BAG1            All 0.478 0.522 
?BAJ1              1 0.485 0.515 [7011/17748 = 0.395030]
?BAJ1              2 0.506 0.494 [7057/17928 = 0.393630]
?BAJ1              3 0.476 0.524 [7207/17869 = 0.403324]
?BAJ1            All 0.467 0.533 
?BAH1              1 0.488 0.512 [7158/17877 = 0.400403]
?BAH1              2 0.506 0.494 [6870/17818 = 0.385565]
?BAH1              3 0.479 0.521 [7148/17942 = 0.398395]
?BAH1            All 0.473 0.527 
?BAI1              1 0.487 0.513 [7216/17865 = 0.403918]
?BAI1              2 0.505 0.495 [7277/18049 = 0.403180]
?BAI1              3 0.484 0.516 [6977/17833 = 0.391241]
?BAI1            All 0.476 0.524 
?BAF1              1 0.480 0.520 [7129/17859 = 0.399182]
?BAF1              2 0.513 0.487 [7179/17793 = 0.403473]
?BAF1              3 0.483 0.517 [7292/17819 = 0.409226]
?BAF1            All 0.476 0.524 
19:34:59   Program finished
before option master
Reading parmfile "parmfile.msat"....
after option master
 ++++++++++++++++++++++++++++++++++++++++++++++++++++++++++++++++++
 +                                                                +
 +   POPULATION SIZE, MIGRATION, DIVERGENCE, ASSIGNMENT, HISTORY  +
 +   Bayesian inference using the structured coalescent           +
 +                                                                +
 ++++++++++++++++++++++++++++++++++++++++++++++++++++++++++++++++++
  Compiled for a PARALLEL COMPUTER ARCHITECTURE
  One master and 10 compute nodes are available.
  PDF output enabled [Letter-size]
  Version 5.0.7   [May-01-2025]
  Program started at   Mon Jul  7 19:34:59 2025


Master random number seed: 310705631


Reading (1) population_number___0 ...
Reading (2) population_number___1 ...


before option master
Reading parmfile "parmfile.snp"....
after option master
 ++++++++++++++++++++++++++++++++++++++++++++++++++++++++++++++++++
 +                                                                +
 +   POPULATION SIZE, MIGRATION, DIVERGENCE, ASSIGNMENT, HISTORY  +
 +   Bayesian inference using the structured coalescent           +
 +                                                                +
 ++++++++++++++++++++++++++++++++++++++++++++++++++++++++++++++++++
  Compiled for a PARALLEL COMPUTER ARCHITECTURE
  One master and 9 compute nodes are available.
  PDF output enabled [Letter-size]
  Version 5.0.7   [May-01-2025]
  Program started at   Mon Jul  7 19:35:00 2025


Master random number seed: 1853593354


Reading (1) pop1 ...
Reading (2) pop2 ...


Options in use:
---------------

Analysis strategy is BAYESIAN INFERENCE
    - Population size estimation: Theta [Exponential Distribution]
    - Geneflow estimation: Migration [Exponential Distribution]

Proposal distribution:
Parameter group          Proposal type
-----------------------  -------------------
Population size (Theta)  Metropolis sampling
Migration rate      (M)  Metropolis sampling
Divergence Time (D)  Metropolis sampling
Divergence time spread (STD) Metropolis sampling
Genealogy                Metropolis-Hastings


Prior distribution (Proposal-delta will be tuned to acceptance frequency 0.440000):
Parameter group            Prior type   Minimum    Mean(*)    Maximum    Delta      Bins   Updatefreq
-------------------------  ------------ ---------- ---------- ---------- ---------- ------ -------
Population size (Theta_1)   Uniform        0.000000   0.050000   0.100000    0.010000   1500  0.12500
Population size (Theta_2)   Uniform        0.000000   0.050000   0.100000    0.010000   1500  0.12500
Migration 2 to 1   (M)      Uniform        0.000000  500.000000 1000.00000 100.000000   1500  0.12500
Migration 1 to 2   (M)      Uniform        0.000000  500.000000 1000.00000 100.000000   1500  0.12500
Datatype: Single nucleotide polymorphism data

Inheritance multipliers in use for Thetas (specified # 1)
All inheritance multipliers are the same [1.000000]

Pseudo-random number generator: Mersenne-Twister                                
Random number seed (with internal timer)           1853593354

Start parameters:
   First genealogy was started using a random tree
   Start parameter values were generated
Connection matrix:
m = average (average over a group of Thetas or M,
s = symmetric migration M, S = symmetric 4Nm,
0 = zero, and not estimated,
* = migration free to vary, Thetas are on diagonal
d = row population split off column population
D = split and then migration
   1 pop1           * * 
   2 pop2           * * 



Mutation rate is constant for all loci

Markov chain settings:
   Long chains (long-chains):                              1
      Steps sampled (long-inc*samples):              1000000
      Steps recorded (long-sample):                    10000
   Static heating scheme
      4 chains with  temperatures
       1.00, 1.50, 3.00,1000000.00
      Swapping interval is 1
   Burn-in per replicate (samples*inc):               100000

Print options:
   Data file:                                     infile.snp
   Parameter file:                              parmfile.snp
   Haplotyping is turned on:                              NO
   Output file (ASCII text):                     outfile_snp
   Output file (PDF):                        outfile_snp.pdf
   Print data:                                            No
   Print genealogies:                                     No
[  3] 19:35:00   Burn-in of 100000 steps (Locus: 3/3, Replicate: 1/1) 
[  2] 19:35:00   Burn-in of 100000 steps (Locus: 2/3, Replicate: 1/1) 
[  1] 19:35:00   Burn-in of 100000 steps (Locus: 1/3, Replicate: 1/1) 
[  1] 19:35:02   Sampling of 1000000 steps (Locus: 1/3, Replicate: 1/1) 
[  2] 19:35:02   Sampling of 1000000 steps (Locus: 2/3, Replicate: 1/1) 
[  3] 19:35:02   Sampling of 1000000 steps (Locus: 3/3, Replicate: 1/1) 
[  1] 19:35:25   Sampling Temp[4]:(1,1.5,3,1e+06) Acc(1.00,1.00,1.00,1.00) Swap(0,0,0)
                           Param = { 0.000109 0.005731 462 442.9}
[  3] 19:35:25   Sampling Temp[4]:(1,1.5,3,1e+06) Acc(1.00,1.00,1.00,1.00) Swap(0,0,0)
                           Param = { 0.04703 0.046 819.5 673}
[  2] 19:35:25   Sampling Temp[4]:(1,1.5,3,1e+06) Acc(1.00,1.00,1.00,1.00) Swap(0,0,0)
                           Param = { 0.008822 0.04888 932.6 119}



Acceptance ratios for all parameters and the genealogies
---------------------------------------------------------------------

Parameter           Accepted changes               Ratio
Theta_1                 257009/375507            0.68443
Theta_2                 252626/374675            0.67425
M_2->1                  161488/374571            0.43113
M_1->2                  159485/375239            0.42502
Genealogies            1500008/1500008            1.00000



Autocorrelation for all parameters and the genealogies
-------------------------------------------------------------------

Parameter           Autocorrelation           Effective Sample size
Theta_1                   0.254                 17835.168
Theta_2                   0.252                 17910.873
M_2->1                    0.621                  7020.074
M_1->2                    0.633                  6741.450
Genealogies               1.000                     0.000

POTENTIAL PROBLEMS
------------------------------------------------------------------------------------------
This section reports potential problems with your run, but such reporting is often not 
very accurate. Whith many parameters in a multilocus analysis, it is very common that 
some parameters for some loci will not be very informative, triggering suggestions (for 
example to increase the prior range) that are not sensible. This suggestion tool will 
improve with time, therefore do not blindly follow its suggestions. If some parameters 
are flagged, inspect the tables carefully and judge wether an action is required. For 
example, if you run a Bayesian inference with sequence data, for macroscopic species 
there is rarely the need to increase the prior for Theta beyond 0.1; but if you use 
microsatellites it is rather common that your prior distribution for Theta should have a 
range from 0.0 to 100 or more. With many populations (>3) it is also very common that 
some migration routes are estimated poorly because the data contains little or no 
information for that route. Increasing the range will not help in such situations, 
reducing number of parameters may help in such situations.
------------------------------------------------------------------------------------------
Genealogies 5: Effective sample size of run seems too short! 
------------------------------------------------------------------------------------------
19:35:45   Program finished
before option master
Reading parmfile "parmfile.hapmap"....
after option master
 ++++++++++++++++++++++++++++++++++++++++++++++++++++++++++++++++++
 +                                                                +
 +   POPULATION SIZE, MIGRATION, DIVERGENCE, ASSIGNMENT, HISTORY  +
 +   Bayesian inference using the structured coalescent           +
 +                                                                +
 ++++++++++++++++++++++++++++++++++++++++++++++++++++++++++++++++++
  Compiled for a PARALLEL COMPUTER ARCHITECTURE
  One master and 9 compute nodes are available.
  PDF output enabled [Letter-size]
  Version 5.0.7   [May-01-2025]
  Program started at   Mon Jul  7 19:35:46 2025


Master random number seed: 3105322251


Reading (1) Japan ...
            31518494|label12count=72, not equal to label1count+label2count=39+33
           137571049|label12count=90, not equal to label1count+label2count=89+1
            62156824|label12count=88, not equal to label1count+label2count=75+13
           133668537|label12count=90, not equal to label1count+label2count=9+81
           183467592|label12count=90, not equal to label1count+label2count=87+3
           122270407|label12count=88, not equal to label1count+label2count=85+3
            15357923|label12count=90, not equal to label1count+label2count=90+0
           184969634|label12count=90, not equal to label1count+label2count=85+5
           182591070|label12count=90, not equal to label1count+label2count=83+7


Options in use:
---------------

Analysis strategy is BAYESIAN INFERENCE
    - Population size estimation: Theta [Exponential Distribution]

Proposal distribution:
Parameter group          Proposal type
-----------------------  -------------------
Population size (Theta)  Metropolis sampling
Genealogy                Metropolis-Hastings


Prior distribution (Proposal-delta will be tuned to acceptance frequency 0.440000):
Parameter group            Prior type   Minimum    Mean(*)    Maximum    Delta      Bins   Updatefreq
-------------------------  ------------ ---------- ---------- ---------- ---------- ------ -------
Population size (Theta_1)   Uniform        0.000000   0.050000   0.100000    0.010000   1500  0.50000
Datatype: Hapmap Single nucleotide polymorphism data

Inheritance multipliers in use for Thetas (specified # 1)
All inheritance multipliers are the same [1.000000]

Pseudo-random number generator: Mersenne-Twister                                
Random number seed (with internal timer)           3105322251

Start parameters:
   First genealogy was started using a random tree
   Start parameter values were generated
Connection matrix:
m = average (average over a group of Thetas or M,
s = symmetric migration M, S = symmetric 4Nm,
0 = zero, and not estimated,
* = migration free to vary, Thetas are on diagonal
d = row population split off column population
D = split and then migration
   1 Japan          * 



Mutation rate is constant for all loci

Markov chain settings:
   Long chains (long-chains):                              1
      Steps sampled (long-inc*samples):              1000000
      Steps recorded (long-sample):                    10000
   Static heating scheme
      4 chains with  temperatures
       1.00, 1.50, 3.00,1000000.00
      Swapping interval is 1
   Burn-in per replicate (samples*inc):               100000

Print options:
   Data file:                                  infile.hapmap
   Parameter file:                           parmfile.hapmap
   Haplotyping is turned on:                              NO
   Output file (ASCII text):                  outfile_hapmap
   Output file (PDF):                     outfile_hapmap.pdf
   Print data:                                            No
   Print genealogies:                                     No
[  4] 19:35:46   Burn-in of 100000 steps (Locus: 4/9, Replicate: 1/1) 
[  1] 19:35:46   Burn-in of 100000 steps (Locus: 1/9, Replicate: 1/1) 
[  8] 19:35:46   Burn-in of 100000 steps (Locus: 8/9, Replicate: 1/1) 
[  6] 19:35:46   Burn-in of 100000 steps (Locus: 6/9, Replicate: 1/1) 
[  7] 19:35:46   Burn-in of 100000 steps (Locus: 7/9, Replicate: 1/1) 
[  2] 19:35:46   Burn-in of 100000 steps (Locus: 2/9, Replicate: 1/1) 
[  3] 19:35:46   Burn-in of 100000 steps (Locus: 3/9, Replicate: 1/1) 
[  9] 19:35:46   Burn-in of 100000 steps (Locus: 9/9, Replicate: 1/1) 
[  5] 19:35:46   Burn-in of 100000 steps (Locus: 5/9, Replicate: 1/1) 
[  1] 19:35:48   Sampling of 1000000 steps (Locus: 1/9, Replicate: 1/1) 
[  3] 19:35:49   Sampling of 1000000 steps (Locus: 3/9, Replicate: 1/1) 
[  6] 19:35:49   Sampling of 1000000 steps (Locus: 6/9, Replicate: 1/1) 
[  2] 19:35:49   Sampling of 1000000 steps (Locus: 2/9, Replicate: 1/1) 
[  4] 19:35:49   Sampling of 1000000 steps (Locus: 4/9, Replicate: 1/1) 
[  7] 19:35:49   Sampling of 1000000 steps (Locus: 7/9, Replicate: 1/1) 
[  9] 19:35:49   Sampling of 1000000 steps (Locus: 9/9, Replicate: 1/1) 
[  8] 19:35:49   Sampling of 1000000 steps (Locus: 8/9, Replicate: 1/1) 
[  5] 19:35:49   Sampling of 1000000 steps (Locus: 5/9, Replicate: 1/1) 
[  1] 19:36:19   Sampling Temp[4]:(1,1.5,3,1e+06) Acc(1.00,1.00,1.00,1.00) Swap(0,0,0)
                           Param = { 0.03366}
[  6] 19:36:25   Sampling Temp[4]:(1,1.5,3,1e+06) Acc(1.00,1.00,1.00,1.00) Swap(0,0,0)
                           Param = { 0.09635}
[  3] 19:36:25   Sampling Temp[4]:(1,1.5,3,1e+06) Acc(1.00,1.00,1.00,1.00) Swap(0,0,0)
                           Param = { 0.1}
[  7] 19:36:26   Sampling Temp[4]:(1,1.5,3,1e+06) Acc(1.00,1.00,1.00,1.00) Swap(0,0,0)
                           Param = { 0.05205}
[  8] 19:36:26   Sampling Temp[4]:(1,1.5,3,1e+06) Acc(1.00,1.00,1.00,1.00) Swap(0,0,0)
                           Param = { 0.0722}
[  5] 19:36:26   Sampling Temp[4]:(1,1.5,3,1e+06) Acc(1.00,1.00,1.00,1.00) Swap(0,0,0)
                           Param = { 0.07456}
[  9] 19:36:26   Sampling Temp[4]:(1,1.5,3,1e+06) Acc(1.00,1.00,1.00,1.00) Swap(0,0,0)
                           Param = { 0.0739}
[  2] 19:36:26   Sampling Temp[4]:(1,1.5,3,1e+06) Acc(1.00,1.00,1.00,1.00) Swap(0,0,0)
                           Param = { 0.09121}
[  4] 19:36:26   Sampling Temp[4]:(1,1.5,3,1e+06) Acc(1.00,1.00,1.00,1.00) Swap(0,0,0)
                           Param = { 0.08861}



Acceptance ratios for all parameters and the genealogies
---------------------------------------------------------------------

Parameter           Accepted changes               Ratio
Theta_1                1859914/4500594           0.41326
Genealogies            4499406/4499406            1.00000



Autocorrelation for all parameters and the genealogies
-------------------------------------------------------------------

Parameter           Autocorrelation           Effective Sample size
Theta_1                   0.821                  8863.794
Genealogies               1.000                     0.000

POTENTIAL PROBLEMS
------------------------------------------------------------------------------------------
This section reports potential problems with your run, but such reporting is often not 
very accurate. Whith many parameters in a multilocus analysis, it is very common that 
some parameters for some loci will not be very informative, triggering suggestions (for 
example to increase the prior range) that are not sensible. This suggestion tool will 
improve with time, therefore do not blindly follow its suggestions. If some parameters 
are flagged, inspect the tables carefully and judge wether an action is required. For 
example, if you run a Bayesian inference with sequence data, for macroscopic species 
there is rarely the need to increase the prior for Theta beyond 0.1; but if you use 
microsatellites it is rather common that your prior distribution for Theta should have a 
range from 0.0 to 100 or more. With many populations (>3) it is also very common that 
some migration routes are estimated poorly because the data contains little or no 
information for that route. Increasing the range will not help in such situations, 
reducing number of parameters may help in such situations.
------------------------------------------------------------------------------------------
Genealogies 2: Effective sample size of run seems too short! 
------------------------------------------------------------------------------------------
19:36:46   Program finished
